1- Display the information in one table (either table is fine)

sqlite> SELECT * FROM student;

1|hussein|26|1
2|mark|19|2
3|alex|23|3
4|ana|21|2
5|sami|21|1
6|jack|21|3

2- Update an item that meets some condition

sqlite> UPDATE student SET age= 24 WHERE name = "jack";

sqlite> SELECT * FROM student;

1|hussein|26|1
2|mark|19|2
3|alex|23|3
4|ana|21|2
5|sami|21|1
6|jack|24|3

3- Display the information in both tables using one query.

sqlite> SELECT * FROM student, universities WHERE student.uni_id = universities.id;

1|hussein|26|1|1|UCI
2|mark|19|2|2|UCLA
3|alex|23|3|3|UCSF
4|ana|21|2|2|UCLA
5|sami|21|1|1|UCI
6|jack|24|3|3|UCSF


4- Display a narrower selection of columnsfrom both tables using one query.

sqlite> SELECT student.name, universities.university_name FROM student JOIN universities ON student.uni_id = universities.id;

hussein|UCI
mark|UCLA
alex|UCSF
ana|UCLA
sami|UCI
jack|UCSF

5- Delete an item that meets some condition.

sqlite> DELETE FROM student WHERE name = "mark";
sqlite> SELECT * FROM student;

1|hussein|26|1
3|alex|23|3
4|ana|21|2
5|sami|21|1
6|jack|24|3

=================
Join Types:
1- INNER JOIN
sqlite> SELECR student.name FROM student INNER JOIN universities ON student.uni_id = universities.id;

hussein
alex
ana
sami
jack

2- LEFT JOIN

sqlite> SELECT * FROM student LEFT JOIN universities ON student.uni_id = universities.id;

1|hussein|26|1|1|UCI
3|alex|23|3|3|UCSF
4|ana|21|2|2|UCLA
5|sami|21|1|1|UCI
6|jack|24|3|3|UCSF

3- RIGHT JOIN
4- FULL JOIN
SELECT * FROM student RIGHT JOIN universities ON student.uni_id = universities.id;

Error: RIGHT and FULL OUTER JOINs are not currently supported

Left Join with Condtion 

sqlite> SELECT student.name FROM student LEFT JOIN universities ON student.uni_id = universities.id WHERE student.name = "hussein";

hussein
